// Jest Snapshot v1, https://goo.gl/fbAQLP

exports[`App renders the UI as expected 1`] = `
<main
  className="App"
>
  <ul
    className="list"
  >
    <li>
      <h1>
        Koren Templeton
      </h1>
      <img
        alt="avatar"
        src="https://robohash.org/itaquevoluptatumrerum.jpg?size=200x200&set=set1"
      />
      <span>
        on stage
      </span>
    </li>
    <li>
      <h1>
        Caty Flucker
      </h1>
      <img
        alt="avatar"
        src="https://robohash.org/doloredolorescupiditate.jpg?size=200x200&set=set1"
      />
      <span>
        in session
      </span>
    </li>
    <li>
      <h1>
        Axe Kubicka
      </h1>
      <img
        alt="avatar"
        src="https://robohash.org/utlaborumfugit.jpg?size=200x200&set=set1"
      />
      <span>
        left
      </span>
    </li>
    <li>
      <h1>
        Frank Runciman
      </h1>
      <img
        alt="avatar"
        src="https://robohash.org/etexercitationemassumenda.jpg?size=200x200&set=set1"
      />
      <span>
        in session
      </span>
    </li>
    <li>
      <h1>
        Ashla Attwool
      </h1>
      <img
        alt="avatar"
        src="https://robohash.org/iustodoloremqueinventore.jpg?size=200x200&set=set1"
      />
      <span>
        on stage
      </span>
    </li>
  </ul>
  <ul
    className="list"
  >
    <li>
      <span>
        1/30/2019
      </span>
      <p>
        Hello world
      </p>
      <p>
        message
      </p>
    </li>
    <li>
      <span>
        1/30/2019
      </span>
      <p />
      <p>
        thumbs-up
      </p>
    </li>
    <li>
      <span>
        1/30/2019
      </span>
      <p />
      <p>
        thumbs-down
      </p>
    </li>
    <li>
      <span>
        1/30/2019
      </span>
      <p />
      <p>
        raise-hand
      </p>
    </li>
    <li>
      <span>
        1/30/2019
      </span>
      <p />
      <p>
        clap
      </p>
    </li>
    <li>
      <span>
        1/30/2019
      </span>
      <p />
      <p>
        join
      </p>
    </li>
    <li>
      <span>
        1/30/2019
      </span>
      <p />
      <p>
        leave
      </p>
    </li>
    <li>
      <span>
        1/30/2019
      </span>
      <p />
      <p>
        join-stage
      </p>
    </li>
    <li>
      <span>
        1/30/2019
      </span>
      <p />
      <p>
        leave-stage
      </p>
    </li>
  </ul>
  <section
    className="stage"
  >
    <span
      className="square"
    >
      <h1>
        Koren Templeton
      </h1>
      <img
        alt="participantsAvatar"
        src="https://robohash.org/itaquevoluptatumrerum.jpg?size=200x200&set=set1"
      />
    </span>
    <span />
    <span />
    <span />
    <span
      className="square"
    >
      <h1>
        Ashla Attwool
      </h1>
      <img
        alt="participantsAvatar"
        src="https://robohash.org/iustodoloremqueinventore.jpg?size=200x200&set=set1"
      />
    </span>
  </section>
</main>
`;
